<?xml version="1.0" encoding="UTF-8"?>
<xmcda:XMCDA xmlns:xmcda="http://www.decision-deck.org/2009/XMCDA-2.1.0">
	<projectReference>
		<title>SixRealCars - Promethee net flows</title>
		<comment>The "SixRealCars" data set, with the net flows computed
		according to Promethee II.</comment>
	</projectReference>
	<performanceTable>
		<alternativePerformances>
			<alternativeID>a01</alternativeID>
			<performance>
				<criterionID>c01</criterionID>
				<value>
					<real>22080.0</real>
				</value>
			</performance>
			<performance>
				<criterionID>c02</criterionID>
				<value>
					<real>105.0</real>
				</value>
			</performance>
			<performance>
				<criterionID>c03</criterionID>
				<value>
					<real>11.40</real>
				</value>
			</performance>
			<performance>
				<criterionID>c04</criterionID>
				<value>
					<real>5.8</real>
				</value>
			</performance>
			<performance>
				<criterionID>c05</criterionID>
				<value>
					<real>119.0</real>
				</value>
			</performance>
		</alternativePerformances>
		<alternativePerformances>
			<alternativeID>a02</alternativeID>
			<performance>
				<criterionID>c01</criterionID>
				<value>
					<real>28100.0</real>
				</value>
			</performance>
			<performance>
				<criterionID>c02</criterionID>
				<value>
					<real>160.0</real>
				</value>
			</performance>
			<performance>
				<criterionID>c03</criterionID>
				<value>
					<real>8.6</real>
				</value>
			</performance>
			<performance>
				<criterionID>c04</criterionID>
				<value>
					<real>9.6</real>
				</value>
			</performance>
			<performance>
				<criterionID>c05</criterionID>
				<value>
					<real>164.0</real>
				</value>
			</performance>
		</alternativePerformances>
		<alternativePerformances>
			<alternativeID>a03</alternativeID>
			<performance>
				<criterionID>c01</criterionID>
				<value>
					<real>24650.0</real>
				</value>
			</performance>
			<performance>
				<criterionID>c02</criterionID>
				<value>
					<real>143.0</real>
				</value>
			</performance>
			<performance>
				<criterionID>c03</criterionID>
				<value>
					<real>9.0</real>
				</value>
			</performance>
			<performance>
				<criterionID>c04</criterionID>
				<value>
					<real>4.5</real>
				</value>
			</performance>
			<performance>
				<criterionID>c05</criterionID>
				<value>
					<real>119.0</real>
				</value>
			</performance>
		</alternativePerformances>
		<alternativePerformances>
			<alternativeID>a04</alternativeID>
			<performance>
				<criterionID>c01</criterionID>
				<value>
					<real>32700.0</real>
				</value>
			</performance>
			<performance>
				<criterionID>c02</criterionID>
				<value>
					<real>177.0</real>
				</value>
			</performance>
			<performance>
				<criterionID>c03</criterionID>
				<value>
					<real>7.9</real>
				</value>
			</performance>
			<performance>
				<criterionID>c04</criterionID>
				<value>
					<real>6.7</real>
				</value>
			</performance>
			<performance>
				<criterionID>c05</criterionID>
				<value>
					<real>128.0</real>
				</value>
			</performance>
		</alternativePerformances>
		<alternativePerformances>
			<alternativeID>a05</alternativeID>
			<performance>
				<criterionID>c01</criterionID>
				<value>
					<real>22750.0</real>
				</value>
			</performance>
			<performance>
				<criterionID>c02</criterionID>
				<value>
					<real>136.0</real>
				</value>
			</performance>
			<performance>
				<criterionID>c03</criterionID>
				<value>
					<real>9.4</real>
				</value>
			</performance>
			<performance>
				<criterionID>c04</criterionID>
				<value>
					<real>7.6</real>
				</value>
			</performance>
			<performance>
				<criterionID>c05</criterionID>
				<value>
					<real>151.0</real>
				</value>
			</performance>
		</alternativePerformances>
		<alternativePerformances>
			<alternativeID>a06</alternativeID>
			<performance>
				<criterionID>c01</criterionID>
				<value>
					<real>27350.0</real>
				</value>
			</performance>
			<performance>
				<criterionID>c02</criterionID>
				<value>
					<real>180.0</real>
				</value>
			</performance>
			<performance>
				<criterionID>c03</criterionID>
				<value>
					<real>7.9</real>
				</value>
			</performance>
			<performance>
				<criterionID>c04</criterionID>
				<value>
					<real>8.4</real>
				</value>
			</performance>
			<performance>
				<criterionID>c05</criterionID>
				<value>
					<real>164.0</real>
				</value>
			</performance>
		</alternativePerformances>
	</performanceTable>
	<criteria>
		<criterion id="c01" name="Price">
			<scale>
				<quantitative>
					<preferenceDirection>min</preferenceDirection>
				</quantitative>
			</scale>
			<thresholds>
				<threshold mcdaConcept="ind">
					<constant>
						<real>500.0</real>
					</constant>
				</threshold>
				<threshold mcdaConcept="pref">
					<constant>
						<real>3000.0</real>
					</constant>
				</threshold>
			</thresholds>
		</criterion>
		<criterion id="c02" name="Power">
			<scale>
				<quantitative>
					<preferenceDirection>max</preferenceDirection>
				</quantitative>
			</scale>
			<thresholds>
				<threshold mcdaConcept="ind">
					<constant>
						<real>0.0</real>
					</constant>
				</threshold>
				<threshold mcdaConcept="pref">
					<constant>
						<real>30.0</real>
					</constant>
				</threshold>
			</thresholds>
		</criterion>
		<criterion id="c03" name="0-100">
			<scale>
				<quantitative>
					<preferenceDirection>min</preferenceDirection>
				</quantitative>
			</scale>
			<thresholds>
				<threshold mcdaConcept="ind">
					<constant>
						<real>0.0</real>
					</constant>
				</threshold>
				<threshold mcdaConcept="pref">
					<constant>
						<real>2.0</real>
					</constant>
				</threshold>
			</thresholds>
		</criterion>
		<criterion id="c04" name="Consumption">
			<scale>
				<quantitative>
					<preferenceDirection>min</preferenceDirection>
				</quantitative>
			</scale>
			<thresholds>
				<threshold mcdaConcept="ind">
					<constant>
						<real>0.0</real>
					</constant>
				</threshold>
				<threshold mcdaConcept="pref">
					<constant>
						<real>1.0</real>
					</constant>
				</threshold>
			</thresholds>
		</criterion>
		<criterion id="c05" name="CO2">
			<scale>
				<quantitative>
					<preferenceDirection>min</preferenceDirection>
				</quantitative>
			</scale>
			<thresholds>
				<threshold mcdaConcept="ind">
					<constant>
						<real>0.0</real>
					</constant>
				</threshold>
				<threshold mcdaConcept="pref">
					<constant>
						<real>100.0</real>
					</constant>
				</threshold>
			</thresholds>
		</criterion>
	</criteria>
	<criteriaValues mcdaConcept="Importance" name="significance">
		<criterionValue>
			<criterionID>c01</criterionID>
			<value>
				<real>0.4</real>
			</value>
		</criterionValue>
		<criterionValue>
			<criterionID>c02</criterionID>
			<value>
				<real>0.18</real>
			</value>
		</criterionValue>
		<criterionValue>
			<criterionID>c03</criterionID>
			<value>
				<real>0.12</real>
			</value>
		</criterionValue>
		<criterionValue>
			<criterionID>c04</criterionID>
			<value>
				<real>0.21</real>
			</value>
		</criterionValue>
		<criterionValue>
			<criterionID>c05</criterionID>
			<value>
				<real>0.09</real>
			</value>
		</criterionValue>
	</criteriaValues>
	<alternatives>
		<alternative id="a01" name="Audi A3" />
		<alternative id="a02" name="Audi A4" />
		<alternative id="a03" name="BMW 118" />
		<alternative id="a04" name="BMW 320" />
		<alternative id="a05" name="Volvo C30" />
		<alternative id="a06" name="Volvo S40" />
	</alternatives>

	<alternativesValues mcdaConcept="net_flows">
		<alternativeValue>
			<alternativeID>a01</alternativeID>
			<value>
				<real>0.1571</real>
			</value>
		</alternativeValue>
		<alternativeValue>
			<alternativeID>a02</alternativeID>
			<value>
				<real>-0.3406</real>
			</value>
		</alternativeValue>
		<alternativeValue>
			<alternativeID>a03</alternativeID>
			<value>
				<real>0.3025</real>
			</value>
		</alternativeValue>
		<alternativeValue>
			<alternativeID>a04</alternativeID>
			<value>
				<real>-0.1557</real>
			</value>
		</alternativeValue>
		<alternativeValue>
			<alternativeID>a05</alternativeID>
			<value>
				<real>0.1226</real>
			</value>
		</alternativeValue>
		<alternativeValue>
			<alternativeID>a06</alternativeID>
			<value>
				<real>-0.0858</real>
			</value>
		</alternativeValue>
	</alternativesValues>
</xmcda:XMCDA>