<?xml version="1.0" encoding="UTF-8"?>
<xmcda:XMCDA xmlns:xmcda="http://www.decision-deck.org/2009/XMCDA-2.1.0">
	<projectReference>
		<title>SixRealCars - Concordance</title>
		<comment>The "SixRealCars" data set, with the concordance computed
		according to the Electre method. Results are exact to the forth
		decimal (rounded).</comment>
	</projectReference>
	<alternativesComparisons>
		<pairs>
			<pair>
				<initial>
					<alternativeID>a01</alternativeID>
				</initial>
				<terminal>
					<alternativeID>a01</alternativeID>
				</terminal>
				<value>
					<real>1.000</real>
				</value>
			</pair>
			<pair>
				<initial>
					<alternativeID>a01</alternativeID>
				</initial>
				<terminal>
					<alternativeID>a02</alternativeID>
				</terminal>
				<value>
					<real>0.7000</real>
				</value>
			</pair>
			<pair>
				<initial>
					<alternativeID>a01</alternativeID>
				</initial>
				<terminal>
					<alternativeID>a03</alternativeID>
				</terminal>
				<value>
					<real>0.4900</real>
				</value>
			</pair>
			<pair>
				<initial>
					<alternativeID>a01</alternativeID>
				</initial>
				<terminal>
					<alternativeID>a04</alternativeID>
				</terminal>
				<value>
					<real>0.7000</real>
				</value>
			</pair>
			<pair>
				<initial>
					<alternativeID>a01</alternativeID>
				</initial>
				<terminal>
					<alternativeID>a05</alternativeID>
				</terminal>
				<value>
					<real>0.7000</real>
				</value>
			</pair>
			<pair>
				<initial>
					<alternativeID>a01</alternativeID>
				</initial>
				<terminal>
					<alternativeID>a06</alternativeID>
				</terminal>
				<value>
					<real>0.7000</real>
				</value>
			</pair>
			<pair>
				<initial>
					<alternativeID>a02</alternativeID>
				</initial>
				<terminal>
					<alternativeID>a01</alternativeID>
				</terminal>
				<value>
					<real>0.3495</real>
				</value>
			</pair>
			<pair>
				<initial>
					<alternativeID>a02</alternativeID>
				</initial>
				<terminal>
					<alternativeID>a02</alternativeID>
				</terminal>
				<value>
					<real>1.000</real>
				</value>
			</pair>
			<pair>
				<initial>
					<alternativeID>a02</alternativeID>
				</initial>
				<terminal>
					<alternativeID>a03</alternativeID>
				</terminal>
				<value>
					<real>0.3495</real>
				</value>
			</pair>
			<pair>
				<initial>
					<alternativeID>a02</alternativeID>
				</initial>
				<terminal>
					<alternativeID>a04</alternativeID>
				</terminal>
				<value>
					<real>0.6136</real>
				</value>
			</pair>
			<pair>
				<initial>
					<alternativeID>a02</alternativeID>
				</initial>
				<terminal>
					<alternativeID>a05</alternativeID>
				</terminal>
				<value>
					<real>0.3783</real>
				</value>
			</pair>
			<pair>
				<initial>
					<alternativeID>a02</alternativeID>
				</initial>
				<terminal>
					<alternativeID>a06</alternativeID>
				</terminal>
				<value>
					<real>0.5880</real>
				</value>
			</pair>
			<pair>
				<initial>
					<alternativeID>a03</alternativeID>
				</initial>
				<terminal>
					<alternativeID>a01</alternativeID>
				</terminal>
				<value>
					<real>0.6688</real>
				</value>
			</pair>
			<pair>
				<initial>
					<alternativeID>a03</alternativeID>
				</initial>
				<terminal>
					<alternativeID>a02</alternativeID>
				</terminal>
				<value>
					<real>0.8740</real>
				</value>
			</pair>
			<pair>
				<initial>
					<alternativeID>a03</alternativeID>
				</initial>
				<terminal>
					<alternativeID>a03</alternativeID>
				</terminal>
				<value>
					<real>1.000</real>
				</value>
			</pair>
			<pair>
				<initial>
					<alternativeID>a03</alternativeID>
				</initial>
				<terminal>
					<alternativeID>a04</alternativeID>
				</terminal>
				<value>
					<real>0.7540</real>
				</value>
			</pair>
			<pair>
				<initial>
					<alternativeID>a03</alternativeID>
				</initial>
				<terminal>
					<alternativeID>a05</alternativeID>
				</terminal>
				<value>
					<real>0.7760</real>
				</value>
			</pair>
			<pair>
				<initial>
					<alternativeID>a03</alternativeID>
				</initial>
				<terminal>
					<alternativeID>a06</alternativeID>
				</terminal>
				<value>
					<real>0.7540</real>
				</value>
			</pair>
			<pair>
				<initial>
					<alternativeID>a04</alternativeID>
				</initial>
				<terminal>
					<alternativeID>a01</alternativeID>
				</terminal>
				<value>
					<real>0.4029</real>
				</value>
			</pair>
			<pair>
				<initial>
					<alternativeID>a04</alternativeID>
				</initial>
				<terminal>
					<alternativeID>a02</alternativeID>
				</terminal>
				<value>
					<real>0.6000</real>
				</value>
			</pair>
			<pair>
				<initial>
					<alternativeID>a04</alternativeID>
				</initial>
				<terminal>
					<alternativeID>a03</alternativeID>
				</terminal>
				<value>
					<real>0.3819</real>
				</value>
			</pair>
			<pair>
				<initial>
					<alternativeID>a04</alternativeID>
				</initial>
				<terminal>
					<alternativeID>a04</alternativeID>
				</terminal>
				<value>
					<real>1.000</real>
				</value>
			</pair>
			<pair>
				<initial>
					<alternativeID>a04</alternativeID>
				</initial>
				<terminal>
					<alternativeID>a05</alternativeID>
				</terminal>
				<value>
					<real>0.6000</real>
				</value>
			</pair>
			<pair>
				<initial>
					<alternativeID>a04</alternativeID>
				</initial>
				<terminal>
					<alternativeID>a06</alternativeID>
				</terminal>
				<value>
					<real>0.5820</real>
				</value>
			</pair>
			<pair>
				<initial>
					<alternativeID>a05</alternativeID>
				</initial>
				<terminal>
					<alternativeID>a01</alternativeID>
				</terminal>
				<value>
					<real>0.7340</real>
				</value>
			</pair>
			<pair>
				<initial>
					<alternativeID>a05</alternativeID>
				</initial>
				<terminal>
					<alternativeID>a02</alternativeID>
				</terminal>
				<value>
					<real>0.8080</real>
				</value>
			</pair>
			<pair>
				<initial>
					<alternativeID>a05</alternativeID>
				</initial>
				<terminal>
					<alternativeID>a03</alternativeID>
				</terminal>
				<value>
					<real>0.6952</real>
				</value>
			</pair>
			<pair>
				<initial>
					<alternativeID>a05</alternativeID>
				</initial>
				<terminal>
					<alternativeID>a04</alternativeID>
				</terminal>
				<value>
					<real>0.5203</real>
				</value>
			</pair>
			<pair>
				<initial>
					<alternativeID>a05</alternativeID>
				</initial>
				<terminal>
					<alternativeID>a05</alternativeID>
				</terminal>
				<value>
					<real>1.000</real>
				</value>
			</pair>
			<pair>
				<initial>
					<alternativeID>a05</alternativeID>
				</initial>
				<terminal>
					<alternativeID>a06</alternativeID>
				</terminal>
				<value>
					<real>0.7300</real>
				</value>
			</pair>
			<pair>
				<initial>
					<alternativeID>a06</alternativeID>
				</initial>
				<terminal>
					<alternativeID>a01</alternativeID>
				</terminal>
				<value>
					<real>0.3495</real>
				</value>
			</pair>
			<pair>
				<initial>
					<alternativeID>a06</alternativeID>
				</initial>
				<terminal>
					<alternativeID>a02</alternativeID>
				</terminal>
				<value>
					<real>1.000</real>
				</value>
			</pair>
			<pair>
				<initial>
					<alternativeID>a06</alternativeID>
				</initial>
				<terminal>
					<alternativeID>a03</alternativeID>
				</terminal>
				<value>
					<real>0.3975</real>
				</value>
			</pair>
			<pair>
				<initial>
					<alternativeID>a06</alternativeID>
				</initial>
				<terminal>
					<alternativeID>a04</alternativeID>
				</terminal>
				<value>
					<real>0.7576</real>
				</value>
			</pair>
			<pair>
				<initial>
					<alternativeID>a06</alternativeID>
				</initial>
				<terminal>
					<alternativeID>a05</alternativeID>
				</terminal>
				<value>
					<real>0.4203</real>
				</value>
			</pair>
			<pair>
				<initial>
					<alternativeID>a06</alternativeID>
				</initial>
				<terminal>
					<alternativeID>a06</alternativeID>
				</terminal>
				<value>
					<real>1.000</real>
				</value>
			</pair>
		</pairs>
	</alternativesComparisons>
</xmcda:XMCDA>