<?xml version="1.0" encoding="UTF-8"?>
<xmcda:XMCDA xmlns:xmcda="http://www.decision-deck.org/2009/XMCDA-2.1.0">
	<projectReference>
		<title>SixRealCars - Outranking 0.7</title>
		<comment>The "SixRealCars" data set, with the outranking computed
		according to the Electre method, using a majority threshold at 0.70.</comment>
	</projectReference>
  <alternativesComparisons>
    <pairs>
      <pair>
        <initial>
          <alternativeID>a01</alternativeID>
        </initial>
        <terminal>
          <alternativeID>a01</alternativeID>
        </terminal>
        <value>
          <real>1</real>
        </value>
      </pair>
      <pair>
        <initial>
          <alternativeID>a01</alternativeID>
        </initial>
        <terminal>
          <alternativeID>a02</alternativeID>
        </terminal>
        <value>
          <real>1</real>
        </value>
      </pair>
      <pair>
        <initial>
          <alternativeID>a01</alternativeID>
        </initial>
        <terminal>
          <alternativeID>a03</alternativeID>
        </terminal>
        <value>
          <real>0</real>
        </value>
      </pair>
      <pair>
        <initial>
          <alternativeID>a01</alternativeID>
        </initial>
        <terminal>
          <alternativeID>a04</alternativeID>
        </terminal>
        <value>
          <real>1</real>
        </value>
      </pair>
      <pair>
        <initial>
          <alternativeID>a01</alternativeID>
        </initial>
        <terminal>
          <alternativeID>a05</alternativeID>
        </terminal>
        <value>
          <real>1</real>
        </value>
      </pair>
      <pair>
        <initial>
          <alternativeID>a01</alternativeID>
        </initial>
        <terminal>
          <alternativeID>a06</alternativeID>
        </terminal>
        <value>
          <real>1</real>
        </value>
      </pair>
      <pair>
        <initial>
          <alternativeID>a02</alternativeID>
        </initial>
        <terminal>
          <alternativeID>a01</alternativeID>
        </terminal>
        <value>
          <real>0</real>
        </value>
      </pair>
      <pair>
        <initial>
          <alternativeID>a02</alternativeID>
        </initial>
        <terminal>
          <alternativeID>a02</alternativeID>
        </terminal>
        <value>
          <real>1</real>
        </value>
      </pair>
      <pair>
        <initial>
          <alternativeID>a02</alternativeID>
        </initial>
        <terminal>
          <alternativeID>a03</alternativeID>
        </terminal>
        <value>
          <real>0</real>
        </value>
      </pair>
      <pair>
        <initial>
          <alternativeID>a02</alternativeID>
        </initial>
        <terminal>
          <alternativeID>a04</alternativeID>
        </terminal>
        <value>
          <real>0</real>
        </value>
      </pair>
      <pair>
        <initial>
          <alternativeID>a02</alternativeID>
        </initial>
        <terminal>
          <alternativeID>a05</alternativeID>
        </terminal>
        <value>
          <real>0</real>
        </value>
      </pair>
      <pair>
        <initial>
          <alternativeID>a02</alternativeID>
        </initial>
        <terminal>
          <alternativeID>a06</alternativeID>
        </terminal>
        <value>
          <real>0</real>
        </value>
      </pair>
      <pair>
        <initial>
          <alternativeID>a03</alternativeID>
        </initial>
        <terminal>
          <alternativeID>a01</alternativeID>
        </terminal>
        <value>
          <real>0</real>
        </value>
      </pair>
      <pair>
        <initial>
          <alternativeID>a03</alternativeID>
        </initial>
        <terminal>
          <alternativeID>a02</alternativeID>
        </terminal>
        <value>
          <real></real>
        </value>
      </pair>
      <pair>
        <initial>
          <alternativeID>a03</alternativeID>
        </initial>
        <terminal>
          <alternativeID>a03</alternativeID>
        </terminal>
        <value>
          <real>1</real>
        </value>
      </pair>
      <pair>
        <initial>
          <alternativeID>a03</alternativeID>
        </initial>
        <terminal>
          <alternativeID>a04</alternativeID>
        </terminal>
        <value>
          <real></real>
        </value>
      </pair>
      <pair>
        <initial>
          <alternativeID>a03</alternativeID>
        </initial>
        <terminal>
          <alternativeID>a05</alternativeID>
        </terminal>
        <value>
          <real>1</real>
        </value>
      </pair>
      <pair>
        <initial>
          <alternativeID>a03</alternativeID>
        </initial>
        <terminal>
          <alternativeID>a06</alternativeID>
        </terminal>
        <value>
          <real>1</real>
        </value>
      </pair>
      <pair>
        <initial>
          <alternativeID>a04</alternativeID>
        </initial>
        <terminal>
          <alternativeID>a01</alternativeID>
        </terminal>
        <value>
          <real>0</real>
        </value>
      </pair>
      <pair>
        <initial>
          <alternativeID>a04</alternativeID>
        </initial>
        <terminal>
          <alternativeID>a02</alternativeID>
        </terminal>
        <value>
          <real>0</real>
        </value>
      </pair>
      <pair>
        <initial>
          <alternativeID>a04</alternativeID>
        </initial>
        <terminal>
          <alternativeID>a03</alternativeID>
        </terminal>
        <value>
          <real>0</real>
        </value>
      </pair>
      <pair>
        <initial>
          <alternativeID>a04</alternativeID>
        </initial>
        <terminal>
          <alternativeID>a04</alternativeID>
        </terminal>
        <value>
          <real>1</real>
        </value>
      </pair>
      <pair>
        <initial>
          <alternativeID>a04</alternativeID>
        </initial>
        <terminal>
          <alternativeID>a05</alternativeID>
        </terminal>
        <value>
          <real>0</real>
        </value>
      </pair>
      <pair>
        <initial>
          <alternativeID>a04</alternativeID>
        </initial>
        <terminal>
          <alternativeID>a06</alternativeID>
        </terminal>
        <value>
          <real>0</real>
        </value>
      </pair>
      <pair>
        <initial>
          <alternativeID>a05</alternativeID>
        </initial>
        <terminal>
          <alternativeID>a01</alternativeID>
        </terminal>
        <value>
          <real>1</real>
        </value>
      </pair>
      <pair>
        <initial>
          <alternativeID>a05</alternativeID>
        </initial>
        <terminal>
          <alternativeID>a02</alternativeID>
        </terminal>
        <value>
          <real>1</real>
        </value>
      </pair>
      <pair>
        <initial>
          <alternativeID>a05</alternativeID>
        </initial>
        <terminal>
          <alternativeID>a03</alternativeID>
        </terminal>
        <value>
          <real>0</real>
        </value>
      </pair>
      <pair>
        <initial>
          <alternativeID>a05</alternativeID>
        </initial>
        <terminal>
          <alternativeID>a04</alternativeID>
        </terminal>
        <value>
          <real>0</real>
        </value>
      </pair>
      <pair>
        <initial>
          <alternativeID>a05</alternativeID>
        </initial>
        <terminal>
          <alternativeID>a05</alternativeID>
        </terminal>
        <value>
          <real>1</real>
        </value>
      </pair>
      <pair>
        <initial>
          <alternativeID>a05</alternativeID>
        </initial>
        <terminal>
          <alternativeID>a06</alternativeID>
        </terminal>
        <value>
          <real>1</real>
        </value>
      </pair>
      <pair>
        <initial>
          <alternativeID>a06</alternativeID>
        </initial>
        <terminal>
          <alternativeID>a01</alternativeID>
        </terminal>
        <value>
          <real>0</real>
        </value>
      </pair>
      <pair>
        <initial>
          <alternativeID>a06</alternativeID>
        </initial>
        <terminal>
          <alternativeID>a02</alternativeID>
        </terminal>
        <value>
          <real>1</real>
        </value>
      </pair>
      <pair>
        <initial>
          <alternativeID>a06</alternativeID>
        </initial>
        <terminal>
          <alternativeID>a03</alternativeID>
        </terminal>
        <value>
          <real>0</real>
        </value>
      </pair>
      <pair>
        <initial>
          <alternativeID>a06</alternativeID>
        </initial>
        <terminal>
          <alternativeID>a04</alternativeID>
        </terminal>
        <value>
          <real>1</real>
        </value>
      </pair>
      <pair>
        <initial>
          <alternativeID>a06</alternativeID>
        </initial>
        <terminal>
          <alternativeID>a05</alternativeID>
        </terminal>
        <value>
          <real>0</real>
        </value>
      </pair>
      <pair>
        <initial>
          <alternativeID>a06</alternativeID>
        </initial>
        <terminal>
          <alternativeID>a06</alternativeID>
        </terminal>
        <value>
          <real>1</real>
        </value>
      </pair>
    </pairs>
  </alternativesComparisons>
</xmcda:XMCDA>