<?xml version="1.0" encoding="UTF-8"?>
<xmc:XMCDA xmlns:xmc="http://www.decision-deck.org/2009/XMCDA-2.1.0">
  <criteria>
    <criterion id="Price">
      <active>true</active>
    </criterion>
    <criterion id="Power">
      <active>true</active>
    </criterion>
    <criterion id="0-100">
      <active>true</active>
    </criterion>
    <criterion id="Consumption">
      <active>true</active>
    </criterion>
    <criterion id="CO2">
      <active>true</active>
    </criterion>
  </criteria>
</xmc:XMCDA>