<?xml version="1.0" encoding="UTF-8"?>
<xmc:XMCDA xmlns:xmc="http://www.decision-deck.org/2009/XMCDA-2.1.0">
  <performanceTable>
    <alternativePerformances>
      <alternativeID>BMW 118d Hatch</alternativeID>
      <performance>
        <criterionID>Price</criterionID>
        <value>
          <real>24650.0</real>
        </value>
      </performance>
      <performance>
        <criterionID>Consumption</criterionID>
        <value>
          <real>4.5</real>
        </value>
      </performance>
      <performance>
        <criterionID>0-100</criterionID>
        <value>
          <real>9.0</real>
        </value>
      </performance>
      <performance>
        <criterionID>CO2</criterionID>
        <value>
          <real>119.0</real>
        </value>
      </performance>
      <performance>
        <criterionID>Power</criterionID>
        <value>
          <real>143.0</real>
        </value>
      </performance>
    </alternativePerformances>
    <alternativePerformances>
      <alternativeID>Audi A4 berline</alternativeID>
      <performance>
        <criterionID>Price</criterionID>
        <value>
          <real>28100.0</real>
        </value>
      </performance>
      <performance>
        <criterionID>Consumption</criterionID>
        <value>
          <real>9.6</real>
        </value>
      </performance>
      <performance>
        <criterionID>0-100</criterionID>
        <value>
          <real>8.6</real>
        </value>
      </performance>
      <performance>
        <criterionID>CO2</criterionID>
        <value>
          <real>164.0</real>
        </value>
      </performance>
      <performance>
        <criterionID>Power</criterionID>
        <value>
          <real>160.0</real>
        </value>
      </performance>
    </alternativePerformances>
    <alternativePerformances>
      <alternativeID>Volvo S40 D5</alternativeID>
      <performance>
        <criterionID>Price</criterionID>
        <value>
          <real>27350.0</real>
        </value>
      </performance>
      <performance>
        <criterionID>Consumption</criterionID>
        <value>
          <real>8.4</real>
        </value>
      </performance>
      <performance>
        <criterionID>0-100</criterionID>
        <value>
          <real>7.9</real>
        </value>
      </performance>
      <performance>
        <criterionID>CO2</criterionID>
        <value>
          <real>164.0</real>
        </value>
      </performance>
      <performance>
        <criterionID>Power</criterionID>
        <value>
          <real>180.0</real>
        </value>
      </performance>
    </alternativePerformances>
    <alternativePerformances>
      <alternativeID>BMW 320d Berline</alternativeID>
      <performance>
        <criterionID>Price</criterionID>
        <value>
          <real>32700.0</real>
        </value>
      </performance>
      <performance>
        <criterionID>Consumption</criterionID>
        <value>
          <real>6.7</real>
        </value>
      </performance>
      <performance>
        <criterionID>0-100</criterionID>
        <value>
          <real>7.9</real>
        </value>
      </performance>
      <performance>
        <criterionID>CO2</criterionID>
        <value>
          <real>128.0</real>
        </value>
      </performance>
      <performance>
        <criterionID>Power</criterionID>
        <value>
          <real>177.0</real>
        </value>
      </performance>
    </alternativePerformances>
    <alternativePerformances>
      <alternativeID>Volvo C30</alternativeID>
      <performance>
        <criterionID>Price</criterionID>
        <value>
          <real>22750.0</real>
        </value>
      </performance>
      <performance>
        <criterionID>Consumption</criterionID>
        <value>
          <real>7.6</real>
        </value>
      </performance>
      <performance>
        <criterionID>0-100</criterionID>
        <value>
          <real>9.4</real>
        </value>
      </performance>
      <performance>
        <criterionID>CO2</criterionID>
        <value>
          <real>151.0</real>
        </value>
      </performance>
      <performance>
        <criterionID>Power</criterionID>
        <value>
          <real>136.0</real>
        </value>
      </performance>
    </alternativePerformances>
    <alternativePerformances>
      <alternativeID>Audi A3 TDI e</alternativeID>
      <performance>
        <criterionID>Price</criterionID>
        <value>
          <real>22080.0</real>
        </value>
      </performance>
      <performance>
        <criterionID>Consumption</criterionID>
        <value>
          <real>5.8</real>
        </value>
      </performance>
      <performance>
        <criterionID>0-100</criterionID>
        <value>
          <real>11.4</real>
        </value>
      </performance>
      <performance>
        <criterionID>CO2</criterionID>
        <value>
          <real>119.0</real>
        </value>
      </performance>
      <performance>
        <criterionID>Power</criterionID>
        <value>
          <real>105.0</real>
        </value>
      </performance>
    </alternativePerformances>
  </performanceTable>
</xmc:XMCDA>