<?xml version="1.0" encoding="UTF-8"?>
<xmcda:XMCDA xmlns:xmcda="http://www.decision-deck.org/2009/XMCDA-2.1.0">
	<projectReference>
		<title>SixRealCars - Discordances</title>
		<comment>The "SixRealCars" data set, with the discordances computed
		according to the Electre III, or Tri, method. Only one value is not 0 or 1.</comment>
	</projectReference>
	<alternativesComparisons>
		<pairs>
			<pair>
				<initial>
					<alternativeID>a01</alternativeID>
				</initial>
				<terminal>
					<alternativeID>a01</alternativeID>
				</terminal>
				<values>
					<value id="c01">
						<real>0.0</real>
					</value>
					<value id="c02">
						<real>0.0</real>
					</value>
					<value id="c03">
						<real>0.0</real>
					</value>
					<value id="c04">
						<real>0.0</real>
					</value>
					<value id="c05">
						<real>0.0</real>
					</value>
				</values>
			</pair>
			<pair>
				<initial>
					<alternativeID>a01</alternativeID>
				</initial>
				<terminal>
					<alternativeID>a02</alternativeID>
				</terminal>
				<values>
					<value id="c01">
						<real>0.0</real>
					</value>
					<value id="c02">
						<real>0.0</real>
					</value>
					<value id="c03">
						<real>0.0</real>
					</value>
					<value id="c04">
						<real>0.0</real>
					</value>
					<value id="c05">
						<real>0.0</real>
					</value>
				</values>
			</pair>
			<pair>
				<initial>
					<alternativeID>a01</alternativeID>
				</initial>
				<terminal>
					<alternativeID>a03</alternativeID>
				</terminal>
				<values>
					<value id="c01">
						<real>0.0</real>
					</value>
					<value id="c02">
						<real>0.0</real>
					</value>
					<value id="c03">
						<real>0.0</real>
					</value>
					<value id="c04">
						<real>0.0</real>
					</value>
					<value id="c05">
						<real>0.0</real>
					</value>
				</values>
			</pair>
			<pair>
				<initial>
					<alternativeID>a01</alternativeID>
				</initial>
				<terminal>
					<alternativeID>a04</alternativeID>
				</terminal>
				<values>
					<value id="c01">
						<real>0.0</real>
					</value>
					<value id="c02">
						<real>0.0</real>
					</value>
					<value id="c03">
						<real>0.0</real>
					</value>
					<value id="c04">
						<real>0.0</real>
					</value>
					<value id="c05">
						<real>0.0</real>
					</value>
				</values>
			</pair>
			<pair>
				<initial>
					<alternativeID>a01</alternativeID>
				</initial>
				<terminal>
					<alternativeID>a05</alternativeID>
				</terminal>
				<values>
					<value id="c01">
						<real>0.0</real>
					</value>
					<value id="c02">
						<real>0.0</real>
					</value>
					<value id="c03">
						<real>0.0</real>
					</value>
					<value id="c04">
						<real>0.0</real>
					</value>
					<value id="c05">
						<real>0.0</real>
					</value>
				</values>
			</pair>
			<pair>
				<initial>
					<alternativeID>a01</alternativeID>
				</initial>
				<terminal>
					<alternativeID>a06</alternativeID>
				</terminal>
				<values>
					<value id="c01">
						<real>0.0</real>
					</value>
					<value id="c02">
						<real>0.0</real>
					</value>
					<value id="c03">
						<real>0.0</real>
					</value>
					<value id="c04">
						<real>0.0</real>
					</value>
					<value id="c05">
						<real>0.0</real>
					</value>
				</values>
			</pair>
			<pair>
				<initial>
					<alternativeID>a02</alternativeID>
				</initial>
				<terminal>
					<alternativeID>a01</alternativeID>
				</terminal>
				<values>
					<value id="c01">
						<real>1.0</real>
					</value>
					<value id="c02">
						<real>0.0</real>
					</value>
					<value id="c03">
						<real>0.0</real>
					</value>
					<value id="c04">
						<real>0.0</real>
					</value>
					<value id="c05">
						<real>0.0</real>
					</value>
				</values>
			</pair>
			<pair>
				<initial>
					<alternativeID>a02</alternativeID>
				</initial>
				<terminal>
					<alternativeID>a02</alternativeID>
				</terminal>
				<values>
					<value id="c01">
						<real>0.0</real>
					</value>
					<value id="c02">
						<real>0.0</real>
					</value>
					<value id="c03">
						<real>0.0</real>
					</value>
					<value id="c04">
						<real>0.0</real>
					</value>
					<value id="c05">
						<real>0.0</real>
					</value>
				</values>
			</pair>
			<pair>
				<initial>
					<alternativeID>a02</alternativeID>
				</initial>
				<terminal>
					<alternativeID>a03</alternativeID>
				</terminal>
				<values>
					<value id="c01">
						<real>0.45</real>
					</value>
					<value id="c02">
						<real>0.0</real>
					</value>
					<value id="c03">
						<real>0.0</real>
					</value>
					<value id="c04">
						<real>0.0</real>
					</value>
					<value id="c05">
						<real>0.0</real>
					</value>
				</values>
			</pair>
			<pair>
				<initial>
					<alternativeID>a02</alternativeID>
				</initial>
				<terminal>
					<alternativeID>a04</alternativeID>
				</terminal>
				<values>
					<value id="c01">
						<real>0.0</real>
					</value>
					<value id="c02">
						<real>0.0</real>
					</value>
					<value id="c03">
						<real>0.0</real>
					</value>
					<value id="c04">
						<real>0.0</real>
					</value>
					<value id="c05">
						<real>0.0</real>
					</value>
				</values>
			</pair>
			<pair>
				<initial>
					<alternativeID>a02</alternativeID>
				</initial>
				<terminal>
					<alternativeID>a05</alternativeID>
				</terminal>
				<values>
					<value id="c01">
						<real>1.0</real>
					</value>
					<value id="c02">
						<real>0.0</real>
					</value>
					<value id="c03">
						<real>0.0</real>
					</value>
					<value id="c04">
						<real>0.0</real>
					</value>
					<value id="c05">
						<real>0.0</real>
					</value>
				</values>
			</pair>
			<pair>
				<initial>
					<alternativeID>a02</alternativeID>
				</initial>
				<terminal>
					<alternativeID>a06</alternativeID>
				</terminal>
				<values>
					<value id="c01">
						<real>0.0</real>
					</value>
					<value id="c02">
						<real>0.0</real>
					</value>
					<value id="c03">
						<real>0.0</real>
					</value>
					<value id="c04">
						<real>0.0</real>
					</value>
					<value id="c05">
						<real>0.0</real>
					</value>
				</values>
			</pair>
			<pair>
				<initial>
					<alternativeID>a03</alternativeID>
				</initial>
				<terminal>
					<alternativeID>a01</alternativeID>
				</terminal>
				<values>
					<value id="c01">
						<real>0.0</real>
					</value>
					<value id="c02">
						<real>0.0</real>
					</value>
					<value id="c03">
						<real>0.0</real>
					</value>
					<value id="c04">
						<real>0.0</real>
					</value>
					<value id="c05">
						<real>0.0</real>
					</value>
				</values>
			</pair>
			<pair>
				<initial>
					<alternativeID>a03</alternativeID>
				</initial>
				<terminal>
					<alternativeID>a02</alternativeID>
				</terminal>
				<values>
					<value id="c01">
						<real>0.0</real>
					</value>
					<value id="c02">
						<real>0.0</real>
					</value>
					<value id="c03">
						<real>0.0</real>
					</value>
					<value id="c04">
						<real>0.0</real>
					</value>
					<value id="c05">
						<real>0.0</real>
					</value>
				</values>
			</pair>
			<pair>
				<initial>
					<alternativeID>a03</alternativeID>
				</initial>
				<terminal>
					<alternativeID>a03</alternativeID>
				</terminal>
				<values>
					<value id="c01">
						<real>0.0</real>
					</value>
					<value id="c02">
						<real>0.0</real>
					</value>
					<value id="c03">
						<real>0.0</real>
					</value>
					<value id="c04">
						<real>0.0</real>
					</value>
					<value id="c05">
						<real>0.0</real>
					</value>
				</values>
			</pair>
			<pair>
				<initial>
					<alternativeID>a03</alternativeID>
				</initial>
				<terminal>
					<alternativeID>a04</alternativeID>
				</terminal>
				<values>
					<value id="c01">
						<real>0.0</real>
					</value>
					<value id="c02">
						<real>0.0</real>
					</value>
					<value id="c03">
						<real>0.0</real>
					</value>
					<value id="c04">
						<real>0.0</real>
					</value>
					<value id="c05">
						<real>0.0</real>
					</value>
				</values>
			</pair>
			<pair>
				<initial>
					<alternativeID>a03</alternativeID>
				</initial>
				<terminal>
					<alternativeID>a05</alternativeID>
				</terminal>
				<values>
					<value id="c01">
						<real>0.0</real>
					</value>
					<value id="c02">
						<real>0.0</real>
					</value>
					<value id="c03">
						<real>0.0</real>
					</value>
					<value id="c04">
						<real>0.0</real>
					</value>
					<value id="c05">
						<real>0.0</real>
					</value>
				</values>
			</pair>
			<pair>
				<initial>
					<alternativeID>a03</alternativeID>
				</initial>
				<terminal>
					<alternativeID>a06</alternativeID>
				</terminal>
				<values>
					<value id="c01">
						<real>0.0</real>
					</value>
					<value id="c02">
						<real>0.0</real>
					</value>
					<value id="c03">
						<real>0.0</real>
					</value>
					<value id="c04">
						<real>0.0</real>
					</value>
					<value id="c05">
						<real>0.0</real>
					</value>
				</values>
			</pair>
			<pair>
				<initial>
					<alternativeID>a04</alternativeID>
				</initial>
				<terminal>
					<alternativeID>a01</alternativeID>
				</terminal>
				<values>
					<value id="c01">
						<real>1.0</real>
					</value>
					<value id="c02">
						<real>0.0</real>
					</value>
					<value id="c03">
						<real>0.0</real>
					</value>
					<value id="c04">
						<real>0.0</real>
					</value>
					<value id="c05">
						<real>0.0</real>
					</value>
				</values>
			</pair>
			<pair>
				<initial>
					<alternativeID>a04</alternativeID>
				</initial>
				<terminal>
					<alternativeID>a02</alternativeID>
				</terminal>
				<values>
					<value id="c01">
						<real>1.0</real>
					</value>
					<value id="c02">
						<real>0.0</real>
					</value>
					<value id="c03">
						<real>0.0</real>
					</value>
					<value id="c04">
						<real>0.0</real>
					</value>
					<value id="c05">
						<real>0.0</real>
					</value>
				</values>
			</pair>
			<pair>
				<initial>
					<alternativeID>a04</alternativeID>
				</initial>
				<terminal>
					<alternativeID>a03</alternativeID>
				</terminal>
				<values>
					<value id="c01">
						<real>1.0</real>
					</value>
					<value id="c02">
						<real>0.0</real>
					</value>
					<value id="c03">
						<real>0.0</real>
					</value>
					<value id="c04">
						<real>0.0</real>
					</value>
					<value id="c05">
						<real>0.0</real>
					</value>
				</values>
			</pair>
			<pair>
				<initial>
					<alternativeID>a04</alternativeID>
				</initial>
				<terminal>
					<alternativeID>a04</alternativeID>
				</terminal>
				<values>
					<value id="c01">
						<real>0.0</real>
					</value>
					<value id="c02">
						<real>0.0</real>
					</value>
					<value id="c03">
						<real>0.0</real>
					</value>
					<value id="c04">
						<real>0.0</real>
					</value>
					<value id="c05">
						<real>0.0</real>
					</value>
				</values>
			</pair>
			<pair>
				<initial>
					<alternativeID>a04</alternativeID>
				</initial>
				<terminal>
					<alternativeID>a05</alternativeID>
				</terminal>
				<values>
					<value id="c01">
						<real>1.0</real>
					</value>
					<value id="c02">
						<real>0.0</real>
					</value>
					<value id="c03">
						<real>0.0</real>
					</value>
					<value id="c04">
						<real>0.0</real>
					</value>
					<value id="c05">
						<real>0.0</real>
					</value>
				</values>
			</pair>
			<pair>
				<initial>
					<alternativeID>a04</alternativeID>
				</initial>
				<terminal>
					<alternativeID>a06</alternativeID>
				</terminal>
				<values>
					<value id="c01">
						<real>1.0</real>
					</value>
					<value id="c02">
						<real>0.0</real>
					</value>
					<value id="c03">
						<real>0.0</real>
					</value>
					<value id="c04">
						<real>0.0</real>
					</value>
					<value id="c05">
						<real>0.0</real>
					</value>
				</values>
			</pair>
			<pair>
				<initial>
					<alternativeID>a05</alternativeID>
				</initial>
				<terminal>
					<alternativeID>a01</alternativeID>
				</terminal>
				<values>
					<value id="c01">
						<real>0.0</real>
					</value>
					<value id="c02">
						<real>0.0</real>
					</value>
					<value id="c03">
						<real>0.0</real>
					</value>
					<value id="c04">
						<real>0.0</real>
					</value>
					<value id="c05">
						<real>0.0</real>
					</value>
				</values>
			</pair>
			<pair>
				<initial>
					<alternativeID>a05</alternativeID>
				</initial>
				<terminal>
					<alternativeID>a02</alternativeID>
				</terminal>
				<values>
					<value id="c01">
						<real>0.0</real>
					</value>
					<value id="c02">
						<real>0.0</real>
					</value>
					<value id="c03">
						<real>0.0</real>
					</value>
					<value id="c04">
						<real>0.0</real>
					</value>
					<value id="c05">
						<real>0.0</real>
					</value>
				</values>
			</pair>
			<pair>
				<initial>
					<alternativeID>a05</alternativeID>
				</initial>
				<terminal>
					<alternativeID>a03</alternativeID>
				</terminal>
				<values>
					<value id="c01">
						<real>0.0</real>
					</value>
					<value id="c02">
						<real>0.0</real>
					</value>
					<value id="c03">
						<real>0.0</real>
					</value>
					<value id="c04">
						<real>0.0</real>
					</value>
					<value id="c05">
						<real>0.0</real>
					</value>
				</values>
			</pair>
			<pair>
				<initial>
					<alternativeID>a05</alternativeID>
				</initial>
				<terminal>
					<alternativeID>a04</alternativeID>
				</terminal>
				<values>
					<value id="c01">
						<real>0.0</real>
					</value>
					<value id="c02">
						<real>0.0</real>
					</value>
					<value id="c03">
						<real>0.0</real>
					</value>
					<value id="c04">
						<real>0.0</real>
					</value>
					<value id="c05">
						<real>0.0</real>
					</value>
				</values>
			</pair>
			<pair>
				<initial>
					<alternativeID>a05</alternativeID>
				</initial>
				<terminal>
					<alternativeID>a05</alternativeID>
				</terminal>
				<values>
					<value id="c01">
						<real>0.0</real>
					</value>
					<value id="c02">
						<real>0.0</real>
					</value>
					<value id="c03">
						<real>0.0</real>
					</value>
					<value id="c04">
						<real>0.0</real>
					</value>
					<value id="c05">
						<real>0.0</real>
					</value>
				</values>
			</pair>
			<pair>
				<initial>
					<alternativeID>a05</alternativeID>
				</initial>
				<terminal>
					<alternativeID>a06</alternativeID>
				</terminal>
				<values>
					<value id="c01">
						<real>0.0</real>
					</value>
					<value id="c02">
						<real>0.0</real>
					</value>
					<value id="c03">
						<real>0.0</real>
					</value>
					<value id="c04">
						<real>0.0</real>
					</value>
					<value id="c05">
						<real>0.0</real>
					</value>
				</values>
			</pair>
			<pair>
				<initial>
					<alternativeID>a06</alternativeID>
				</initial>
				<terminal>
					<alternativeID>a01</alternativeID>
				</terminal>
				<values>
					<value id="c01">
						<real>1.0</real>
					</value>
					<value id="c02">
						<real>0.0</real>
					</value>
					<value id="c03">
						<real>0.0</real>
					</value>
					<value id="c04">
						<real>0.0</real>
					</value>
					<value id="c05">
						<real>0.0</real>
					</value>
				</values>
			</pair>
			<pair>
				<initial>
					<alternativeID>a06</alternativeID>
				</initial>
				<terminal>
					<alternativeID>a02</alternativeID>
				</terminal>
				<values>
					<value id="c01">
						<real>0.0</real>
					</value>
					<value id="c02">
						<real>0.0</real>
					</value>
					<value id="c03">
						<real>0.0</real>
					</value>
					<value id="c04">
						<real>0.0</real>
					</value>
					<value id="c05">
						<real>0.0</real>
					</value>
				</values>
			</pair>
			<pair>
				<initial>
					<alternativeID>a06</alternativeID>
				</initial>
				<terminal>
					<alternativeID>a03</alternativeID>
				</terminal>
				<values>
					<value id="c01">
						<real>0.0</real>
					</value>
					<value id="c02">
						<real>0.0</real>
					</value>
					<value id="c03">
						<real>0.0</real>
					</value>
					<value id="c04">
						<real>0.0</real>
					</value>
					<value id="c05">
						<real>0.0</real>
					</value>
				</values>
			</pair>
			<pair>
				<initial>
					<alternativeID>a06</alternativeID>
				</initial>
				<terminal>
					<alternativeID>a04</alternativeID>
				</terminal>
				<values>
					<value id="c01">
						<real>0.0</real>
					</value>
					<value id="c02">
						<real>0.0</real>
					</value>
					<value id="c03">
						<real>0.0</real>
					</value>
					<value id="c04">
						<real>0.0</real>
					</value>
					<value id="c05">
						<real>0.0</real>
					</value>
				</values>
			</pair>
			<pair>
				<initial>
					<alternativeID>a06</alternativeID>
				</initial>
				<terminal>
					<alternativeID>a05</alternativeID>
				</terminal>
				<values>
					<value id="c01">
						<real>1.0</real>
					</value>
					<value id="c02">
						<real>0.0</real>
					</value>
					<value id="c03">
						<real>0.0</real>
					</value>
					<value id="c04">
						<real>0.0</real>
					</value>
					<value id="c05">
						<real>0.0</real>
					</value>
				</values>
			</pair>
			<pair>
				<initial>
					<alternativeID>a06</alternativeID>
				</initial>
				<terminal>
					<alternativeID>a06</alternativeID>
				</terminal>
				<values>
					<value id="c01">
						<real>0.0</real>
					</value>
					<value id="c02">
						<real>0.0</real>
					</value>
					<value id="c03">
						<real>0.0</real>
					</value>
					<value id="c04">
						<real>0.0</real>
					</value>
					<value id="c05">
						<real>0.0</real>
					</value>
				</values>
			</pair>
		</pairs>
	</alternativesComparisons>
</xmcda:XMCDA>